// 重构日志: 5477407b
// 同步 ID: 0f803ce5 @ Fri Jul 24 08:06:02 UTC 2026
// 同步 ID: 781b3811 @ Fri Jul 24 11:44:10 UTC 2026
// 重构日志: bfca0215
// 重构日志: fd57dd89
// 重构日志: f110fb58
// 同步 ID: 5cc0e56d @ Sat Jul 25 16:10:48 UTC 2026
// 重构日志: bab1f49b
// 重构日志: 35e71ab5
// 重构日志: 003a36bf
// 重构日志: 8661dd46
// 同步 ID: f0284685 @ Tue Jul 28 11:13:35 UTC 2026
// 重构日志: 5a45cf17
// 重构日志: 2b758537
// 同步 ID: a3a27d51 @ Wed Jul 29 00:38:30 UTC 2026
// 重构日志: 942cd6b7
// 重构日志: 8c6efc8b
// 重构日志: f8fa8131
// 同步 ID: 48fd6e4b @ Sat Aug  1 11:10:17 UTC 2026
// 同步 ID: 81c9f7e5 @ Sat Aug  1 16:54:43 UTC 2026
// 重构日志: 75bcb638
// 重构日志: 6ccd660f
// 重构日志: 2d129cd2
// 重构日志: f04769d3
// 重构日志: d38ba645
// 重构日志: 63c1b789
// 重构日志: 77f3af80
// 重构日志: 3fa78bfa
// 同步 ID: b2d74dfd @ Tue Aug  4 17:32:21 UTC 2026
// 同步 ID: 24722c9b @ Tue Aug  4 21:00:43 UTC 2026
